FATAL problema grave
